Archive member included because of file (symbol)

e:/engineering/embedded/avr-projects/0- toolchain/winavr/bin/../lib/gcc/avr/4.3.3/avr5\libgcc.a(_exit.o)
                              e:/engineering/embedded/avr-projects/0- toolchain/winavr/bin/../lib/gcc/avr/4.3.3/../../../../avr/lib/avr5/crtm32.o (exit)
e:/engineering/embedded/avr-projects/0- toolchain/winavr/bin/../lib/gcc/avr/4.3.3/avr5\libgcc.a(_copy_data.o)
                              ./Drivers/MCAL/DIO/DIO_program.o (__do_copy_data)
e:/engineering/embedded/avr-projects/0- toolchain/winavr/bin/../lib/gcc/avr/4.3.3/avr5\libgcc.a(_clear_bss.o)
                              ./Src/Boot.o (__do_clear_bss)

Allocating common symbols
Common symbol       size              file

Boot_varsion_loc    0x1               ./Src/Boot.o

Memory Configuration

Name             Origin             Length             Attributes
text             0x00000000         0x00020000         xr
data             0x00800060         0x0000ffa0         rw !x
eeprom           0x00810000         0x00010000         rw !x
fuse             0x00820000         0x00000400         rw !x
lock             0x00830000         0x00000400         rw !x
signature        0x00840000         0x00000400         rw !x
*default*        0x00000000         0xffffffff

Linker script and memory map

LOAD e:/engineering/embedded/avr-projects/0- toolchain/winavr/bin/../lib/gcc/avr/4.3.3/../../../../avr/lib/avr5/crtm32.o
LOAD ./Src/Boot.o
LOAD ./Src/main.o
LOAD ./Drivers/MCAL/WDT/WDT_program.o
LOAD ./Drivers/MCAL/UART/UART_program.o
LOAD ./Drivers/MCAL/GI/GI_program.o
LOAD ./Drivers/MCAL/EEP/EEP_program.o
LOAD ./Drivers/MCAL/DIO/DIO_program.o
LOAD e:/engineering/embedded/avr-projects/0- toolchain/winavr/bin/../lib/gcc/avr/4.3.3/avr5\libgcc.a
LOAD e:/engineering/embedded/avr-projects/0- toolchain/winavr/bin/../lib/gcc/avr/4.3.3/../../../../avr/lib/avr5\libc.a
LOAD e:/engineering/embedded/avr-projects/0- toolchain/winavr/bin/../lib/gcc/avr/4.3.3/avr5\libgcc.a
Address of section .text set to 0x7000

.hash
 *(.hash)

.dynsym
 *(.dynsym)

.dynstr
 *(.dynstr)

.gnu.version
 *(.gnu.version)

.gnu.version_d
 *(.gnu.version_d)

.gnu.version_r
 *(.gnu.version_r)

.rel.init
 *(.rel.init)

.rela.init
 *(.rela.init)

.rel.text
 *(.rel.text)
 *(.rel.text.*)
 *(.rel.gnu.linkonce.t*)

.rela.text
 *(.rela.text)
 *(.rela.text.*)
 *(.rela.gnu.linkonce.t*)

.rel.fini
 *(.rel.fini)

.rela.fini
 *(.rela.fini)

.rel.rodata
 *(.rel.rodata)
 *(.rel.rodata.*)
 *(.rel.gnu.linkonce.r*)

.rela.rodata
 *(.rela.rodata)
 *(.rela.rodata.*)
 *(.rela.gnu.linkonce.r*)

.rel.data
 *(.rel.data)
 *(.rel.data.*)
 *(.rel.gnu.linkonce.d*)

.rela.data
 *(.rela.data)
 *(.rela.data.*)
 *(.rela.gnu.linkonce.d*)

.rel.ctors
 *(.rel.ctors)

.rela.ctors
 *(.rela.ctors)

.rel.dtors
 *(.rel.dtors)

.rela.dtors
 *(.rela.dtors)

.rel.got
 *(.rel.got)

.rela.got
 *(.rela.got)

.rel.bss
 *(.rel.bss)

.rela.bss
 *(.rela.bss)

.rel.plt
 *(.rel.plt)

.rela.plt
 *(.rela.plt)

.text           0x00007000      0x6ee
 *(.vectors)
 .vectors       0x00007000       0x54 e:/engineering/embedded/avr-projects/0- toolchain/winavr/bin/../lib/gcc/avr/4.3.3/../../../../avr/lib/avr5/crtm32.o
                0x00007000                __vectors
                0x00007000                __vector_default
 *(.vectors)
 *(.progmem.gcc*)
 *(.progmem*)
                0x00007054                . = ALIGN (0x2)
                0x00007054                __trampolines_start = .
 *(.trampolines)
 .trampolines   0x00007054        0x0 linker stubs
 *(.trampolines*)
                0x00007054                __trampolines_end = .
 *(.jumptables)
 *(.jumptables*)
 *(.lowtext)
 *(.lowtext*)
                0x00007054                __ctors_start = .
 *(.ctors)
                0x00007054                __ctors_end = .
                0x00007054                __dtors_start = .
 *(.dtors)
                0x00007054                __dtors_end = .
 SORT(*)(.ctors)
 SORT(*)(.dtors)
 *(.init0)
 .init0         0x00007054        0x0 e:/engineering/embedded/avr-projects/0- toolchain/winavr/bin/../lib/gcc/avr/4.3.3/../../../../avr/lib/avr5/crtm32.o
                0x00007054                __init
 *(.init0)
 *(.init1)
 *(.init1)
 *(.init2)
 .init2         0x00007054        0xc e:/engineering/embedded/avr-projects/0- toolchain/winavr/bin/../lib/gcc/avr/4.3.3/../../../../avr/lib/avr5/crtm32.o
 *(.init2)
 *(.init3)
 *(.init3)
 *(.init4)
 .init4         0x00007060       0x16 e:/engineering/embedded/avr-projects/0- toolchain/winavr/bin/../lib/gcc/avr/4.3.3/avr5\libgcc.a(_copy_data.o)
                0x00007060                __do_copy_data
 .init4         0x00007076       0x10 e:/engineering/embedded/avr-projects/0- toolchain/winavr/bin/../lib/gcc/avr/4.3.3/avr5\libgcc.a(_clear_bss.o)
                0x00007076                __do_clear_bss
 *(.init4)
 *(.init5)
 *(.init5)
 *(.init6)
 *(.init6)
 *(.init7)
 *(.init7)
 *(.init8)
 *(.init8)
 *(.init9)
 .init9         0x00007086        0x8 e:/engineering/embedded/avr-projects/0- toolchain/winavr/bin/../lib/gcc/avr/4.3.3/../../../../avr/lib/avr5/crtm32.o
 *(.init9)
 *(.text)
 .text          0x0000708e        0x4 e:/engineering/embedded/avr-projects/0- toolchain/winavr/bin/../lib/gcc/avr/4.3.3/../../../../avr/lib/avr5/crtm32.o
                0x0000708e                __vector_1
                0x0000708e                __vector_12
                0x0000708e                __bad_interrupt
                0x0000708e                __vector_6
                0x0000708e                __vector_3
                0x0000708e                __vector_11
                0x0000708e                __vector_17
                0x0000708e                __vector_19
                0x0000708e                __vector_7
                0x0000708e                __vector_5
                0x0000708e                __vector_4
                0x0000708e                __vector_9
                0x0000708e                __vector_2
                0x0000708e                __vector_8
                0x0000708e                __vector_14
                0x0000708e                __vector_10
                0x0000708e                __vector_16
                0x0000708e                __vector_18
                0x0000708e                __vector_20
 .text          0x00007092        0x0 ./Src/Boot.o
 .text          0x00007092        0x0 ./Src/main.o
 .text          0x00007092        0x0 ./Drivers/MCAL/WDT/WDT_program.o
 .text          0x00007092        0x0 ./Drivers/MCAL/UART/UART_program.o
 .text          0x00007092        0x0 ./Drivers/MCAL/GI/GI_program.o
 .text          0x00007092        0x0 ./Drivers/MCAL/EEP/EEP_program.o
 .text          0x00007092        0x0 ./Drivers/MCAL/DIO/DIO_program.o
 .text          0x00007092        0x0 e:/engineering/embedded/avr-projects/0- toolchain/winavr/bin/../lib/gcc/avr/4.3.3/avr5\libgcc.a(_exit.o)
 .text          0x00007092        0x0 e:/engineering/embedded/avr-projects/0- toolchain/winavr/bin/../lib/gcc/avr/4.3.3/avr5\libgcc.a(_copy_data.o)
 .text          0x00007092        0x0 e:/engineering/embedded/avr-projects/0- toolchain/winavr/bin/../lib/gcc/avr/4.3.3/avr5\libgcc.a(_clear_bss.o)
                0x00007092                . = ALIGN (0x2)
 *(.text.*)
 .text.Boot_vProgramPage
                0x00007092       0x96 ./Src/Boot.o
                0x00007092                Boot_vProgramPage
 .text.Boot_vRxCallback
                0x00007128       0x5e ./Src/Boot.o
                0x00007128                Boot_vRxCallback
 .text.Boot_vMainTask
                0x00007186      0x1a0 ./Src/Boot.o
                0x00007186                Boot_vMainTask
 .text.Boot_init
                0x00007326       0x4a ./Src/Boot.o
                0x00007326                Boot_init
 .text.main     0x00007370       0x70 ./Src/main.o
                0x00007370                main
 .text.WDT_void_start
                0x000073e0        0xa ./Drivers/MCAL/WDT/WDT_program.o
                0x000073e0                WDT_void_start
 .text.WDT_void_stop
                0x000073ea        0x8 ./Drivers/MCAL/WDT/WDT_program.o
                0x000073ea                WDT_void_stop
 .text.UART_vInit
                0x000073f2       0x10 ./Drivers/MCAL/UART/UART_program.o
                0x000073f2                UART_vInit
 .text.UART_u8IfTxAvaulable
                0x00007402        0xa ./Drivers/MCAL/UART/UART_program.o
                0x00007402                UART_u8IfTxAvaulable
 .text.UART_u8IfRxAvaulable
                0x0000740c        0xa ./Drivers/MCAL/UART/UART_program.o
                0x0000740c                UART_u8IfRxAvaulable
 .text.UART_vSendByte
                0x00007416        0x8 ./Drivers/MCAL/UART/UART_program.o
                0x00007416                UART_vSendByte
 .text.UART_vReceiveByte
                0x0000741e        0xc ./Drivers/MCAL/UART/UART_program.o
                0x0000741e                UART_vReceiveByte
 .text.UART_vSetRxCallback
                0x0000742a        0xa ./Drivers/MCAL/UART/UART_program.o
                0x0000742a                UART_vSetRxCallback
 .text.__vector_13
                0x00007434       0x54 ./Drivers/MCAL/UART/UART_program.o
                0x00007434                __vector_13
 .text.UART_vSetTxCallback
                0x00007488        0xa ./Drivers/MCAL/UART/UART_program.o
                0x00007488                UART_vSetTxCallback
 .text.__vector_15
                0x00007492       0x52 ./Drivers/MCAL/UART/UART_program.o
                0x00007492                __vector_15
 .text.GI_Enable
                0x000074e4        0x8 ./Drivers/MCAL/GI/GI_program.o
                0x000074e4                GI_Enable
 .text.GI_Disable
                0x000074ec        0x8 ./Drivers/MCAL/GI/GI_program.o
                0x000074ec                GI_Disable
 .text.GI_vRelocateIVT
                0x000074f4       0x16 ./Drivers/MCAL/GI/GI_program.o
                0x000074f4                GI_vRelocateIVT
 .text.EEP_vWriteByte
                0x0000750a       0x26 ./Drivers/MCAL/EEP/EEP_program.o
                0x0000750a                EEP_vWriteByte
 .text.EEP_vReadByte
                0x00007530       0x20 ./Drivers/MCAL/EEP/EEP_program.o
                0x00007530                EEP_vReadByte
 .text.DIO_vInit
                0x00007550        0x8 ./Drivers/MCAL/DIO/DIO_program.o
                0x00007550                DIO_vInit
 .text.DIO_vSetPortDirection
                0x00007558       0x26 ./Drivers/MCAL/DIO/DIO_program.o
                0x00007558                DIO_vSetPortDirection
 .text.DIO_vSetPinDirection
                0x0000757e       0x6e ./Drivers/MCAL/DIO/DIO_program.o
                0x0000757e                DIO_vSetPinDirection
 .text.DIO_vSetPortValue
                0x000075ec       0x26 ./Drivers/MCAL/DIO/DIO_program.o
                0x000075ec                DIO_vSetPortValue
 .text.DIO_vSetPinValue
                0x00007612       0x6e ./Drivers/MCAL/DIO/DIO_program.o
                0x00007612                DIO_vSetPinValue
 .text.DIO_u8GetPortValue
                0x00007680       0x2c ./Drivers/MCAL/DIO/DIO_program.o
                0x00007680                DIO_u8GetPortValue
 .text.DIO_u8GetPinValue
                0x000076ac       0x3e ./Drivers/MCAL/DIO/DIO_program.o
                0x000076ac                DIO_u8GetPinValue
 .text.libgcc   0x000076ea        0x0 e:/engineering/embedded/avr-projects/0- toolchain/winavr/bin/../lib/gcc/avr/4.3.3/avr5\libgcc.a(_exit.o)
 .text.libgcc   0x000076ea        0x0 e:/engineering/embedded/avr-projects/0- toolchain/winavr/bin/../lib/gcc/avr/4.3.3/avr5\libgcc.a(_copy_data.o)
 .text.libgcc   0x000076ea        0x0 e:/engineering/embedded/avr-projects/0- toolchain/winavr/bin/../lib/gcc/avr/4.3.3/avr5\libgcc.a(_clear_bss.o)
                0x000076ea                . = ALIGN (0x2)
 *(.fini9)
 .fini9         0x000076ea        0x0 e:/engineering/embedded/avr-projects/0- toolchain/winavr/bin/../lib/gcc/avr/4.3.3/avr5\libgcc.a(_exit.o)
                0x000076ea                exit
                0x000076ea                _exit
 *(.fini9)
 *(.fini8)
 *(.fini8)
 *(.fini7)
 *(.fini7)
 *(.fini6)
 *(.fini6)
 *(.fini5)
 *(.fini5)
 *(.fini4)
 *(.fini4)
 *(.fini3)
 *(.fini3)
 *(.fini2)
 *(.fini2)
 *(.fini1)
 *(.fini1)
 *(.fini0)
 .fini0         0x000076ea        0x4 e:/engineering/embedded/avr-projects/0- toolchain/winavr/bin/../lib/gcc/avr/4.3.3/avr5\libgcc.a(_exit.o)
 *(.fini0)
                0x000076ee                _etext = .

.data           0x00800060       0x18 load address 0x000076ee
                0x00800060                PROVIDE (__data_start, .)
 *(.data)
 .data          0x00800060        0x0 e:/engineering/embedded/avr-projects/0- toolchain/winavr/bin/../lib/gcc/avr/4.3.3/../../../../avr/lib/avr5/crtm32.o
 .data          0x00800060        0x0 ./Src/Boot.o
 .data          0x00800060        0x0 ./Src/main.o
 .data          0x00800060        0x0 ./Drivers/MCAL/WDT/WDT_program.o
 .data          0x00800060        0x0 ./Drivers/MCAL/UART/UART_program.o
 .data          0x00800060        0x0 ./Drivers/MCAL/GI/GI_program.o
 .data          0x00800060        0x0 ./Drivers/MCAL/EEP/EEP_program.o
 .data          0x00800060        0x0 ./Drivers/MCAL/DIO/DIO_program.o
 .data          0x00800060        0x0 e:/engineering/embedded/avr-projects/0- toolchain/winavr/bin/../lib/gcc/avr/4.3.3/avr5\libgcc.a(_exit.o)
 .data          0x00800060        0x0 e:/engineering/embedded/avr-projects/0- toolchain/winavr/bin/../lib/gcc/avr/4.3.3/avr5\libgcc.a(_copy_data.o)
 .data          0x00800060        0x0 e:/engineering/embedded/avr-projects/0- toolchain/winavr/bin/../lib/gcc/avr/4.3.3/avr5\libgcc.a(_clear_bss.o)
 *(.data*)
 *(.rodata)
 *(.rodata*)
 .rodata.DIO_PINx_REF
                0x00800060        0x8 ./Drivers/MCAL/DIO/DIO_program.o
 .rodata.DIO_PORTx_REF
                0x00800068        0x8 ./Drivers/MCAL/DIO/DIO_program.o
 .rodata.DIO_DDRx_REF
                0x00800070        0x8 ./Drivers/MCAL/DIO/DIO_program.o
 *(.gnu.linkonce.d*)
                0x00800078                . = ALIGN (0x2)
                0x00800078                _edata = .
                0x00800078                PROVIDE (__data_end, .)

.bss            0x00800078       0x94
                0x00800078                PROVIDE (__bss_start, .)
 *(.bss)
 .bss           0x00800078        0x0 e:/engineering/embedded/avr-projects/0- toolchain/winavr/bin/../lib/gcc/avr/4.3.3/../../../../avr/lib/avr5/crtm32.o
 .bss           0x00800078        0x0 ./Src/Boot.o
 .bss           0x00800078        0x0 ./Src/main.o
 .bss           0x00800078        0x0 ./Drivers/MCAL/WDT/WDT_program.o
 .bss           0x00800078        0x0 ./Drivers/MCAL/UART/UART_program.o
 .bss           0x00800078        0x0 ./Drivers/MCAL/GI/GI_program.o
 .bss           0x00800078        0x0 ./Drivers/MCAL/EEP/EEP_program.o
 .bss           0x00800078        0x0 ./Drivers/MCAL/DIO/DIO_program.o
 .bss           0x00800078        0x0 e:/engineering/embedded/avr-projects/0- toolchain/winavr/bin/../lib/gcc/avr/4.3.3/avr5\libgcc.a(_exit.o)
 .bss           0x00800078        0x0 e:/engineering/embedded/avr-projects/0- toolchain/winavr/bin/../lib/gcc/avr/4.3.3/avr5\libgcc.a(_copy_data.o)
 .bss           0x00800078        0x0 e:/engineering/embedded/avr-projects/0- toolchain/winavr/bin/../lib/gcc/avr/4.3.3/avr5\libgcc.a(_clear_bss.o)
 *(.bss*)
 .bss.RxFrame_Ready
                0x00800078        0x1 ./Src/Boot.o
 .bss.CurrentMode
                0x00800079        0x1 ./Src/Boot.o
 .bss.RxFrameBuffer
                0x0080007a       0x82 ./Src/Boot.o
 .bss.RxPageNo  0x008000fc        0x1 ./Src/Boot.o
 .bss.AppVersion
                0x008000fd        0x5 ./Src/Boot.o
 .bss.RxFrameIndex
                0x00800102        0x1 ./Src/Boot.o
 .bss.PageIndex.1472
                0x00800103        0x1 ./Src/Boot.o
 .bss.RxFrameLength.1462
                0x00800104        0x1 ./Src/Boot.o
 .bss.Boot_finished
                0x00800105        0x1 ./Src/main.o
                0x00800105                Boot_finished
 .bss.UART_Tx_callback
                0x00800106        0x2 ./Drivers/MCAL/UART/UART_program.o
 .bss.UART_Rx_callback
                0x00800108        0x2 ./Drivers/MCAL/UART/UART_program.o
 .bss.Init      0x0080010a        0x1 ./Drivers/MCAL/DIO/DIO_program.o
 *(COMMON)
 COMMON         0x0080010b        0x1 ./Src/Boot.o
                0x0080010b                Boot_varsion_loc
                0x0080010c                PROVIDE (__bss_end, .)
                0x000076ee                __data_load_start = LOADADDR (.data)
                0x00007706                __data_load_end = (__data_load_start + SIZEOF (.data))

.noinit         0x0080010c        0x0
                0x0080010c                PROVIDE (__noinit_start, .)
 *(.noinit*)
                0x0080010c                PROVIDE (__noinit_end, .)
                0x0080010c                _end = .
                0x0080010c                PROVIDE (__heap_start, .)

.eeprom         0x00810000        0x0
 *(.eeprom*)
                0x00810000                __eeprom_end = .

.fuse
 *(.fuse)
 *(.lfuse)
 *(.hfuse)
 *(.efuse)

.lock
 *(.lock*)

.signature
 *(.signature*)

.stab
 *(.stab)

.stabstr
 *(.stabstr)

.stab.excl
 *(.stab.excl)

.stab.exclstr
 *(.stab.exclstr)

.stab.index
 *(.stab.index)

.stab.indexstr
 *(.stab.indexstr)

.comment
 *(.comment)

.debug
 *(.debug)

.line
 *(.line)

.debug_srcinfo
 *(.debug_srcinfo)

.debug_sfnames
 *(.debug_sfnames)

.debug_aranges
 *(.debug_aranges)

.debug_pubnames
 *(.debug_pubnames)

.debug_info
 *(.debug_info)
 *(.gnu.linkonce.wi.*)

.debug_abbrev
 *(.debug_abbrev)

.debug_line
 *(.debug_line)

.debug_frame
 *(.debug_frame)

.debug_str
 *(.debug_str)

.debug_loc
 *(.debug_loc)

.debug_macinfo
 *(.debug_macinfo)
OUTPUT(Bootloader_R1.elf elf32-avr)
LOAD linker stubs
