Archive member included because of file (symbol)

e:/engineering/embedded/avr-projects/0- toolchain/winavr/bin/../lib/gcc/avr/4.3.3/avr5\libgcc.a(_exit.o)
                              e:/engineering/embedded/avr-projects/0- toolchain/winavr/bin/../lib/gcc/avr/4.3.3/../../../../avr/lib/avr5/crtm32.o (exit)
e:/engineering/embedded/avr-projects/0- toolchain/winavr/bin/../lib/gcc/avr/4.3.3/avr5\libgcc.a(_copy_data.o)
                              ./Src/Boot.o (__do_copy_data)
e:/engineering/embedded/avr-projects/0- toolchain/winavr/bin/../lib/gcc/avr/4.3.3/avr5\libgcc.a(_clear_bss.o)
                              ./Src/Boot.o (__do_clear_bss)

Allocating common symbols
Common symbol       size              file

Boot_varsion_loc    0x1               ./Src/Boot.o

Memory Configuration

Name             Origin             Length             Attributes
text             0x00000000         0x00020000         xr
data             0x00800060         0x0000ffa0         rw !x
eeprom           0x00810000         0x00010000         rw !x
fuse             0x00820000         0x00000400         rw !x
lock             0x00830000         0x00000400         rw !x
signature        0x00840000         0x00000400         rw !x
*default*        0x00000000         0xffffffff

Linker script and memory map

LOAD e:/engineering/embedded/avr-projects/0- toolchain/winavr/bin/../lib/gcc/avr/4.3.3/../../../../avr/lib/avr5/crtm32.o
LOAD ./Src/Boot.o
LOAD ./Src/main.o
LOAD ./Drivers/MCAL/WDT/WDT_program.o
LOAD ./Drivers/MCAL/UART/UART_program.o
LOAD ./Drivers/MCAL/GI/GI_program.o
LOAD ./Drivers/MCAL/EEP/EEP_program.o
LOAD e:/engineering/embedded/avr-projects/0- toolchain/winavr/bin/../lib/gcc/avr/4.3.3/avr5\libgcc.a
LOAD e:/engineering/embedded/avr-projects/0- toolchain/winavr/bin/../lib/gcc/avr/4.3.3/../../../../avr/lib/avr5\libc.a
LOAD e:/engineering/embedded/avr-projects/0- toolchain/winavr/bin/../lib/gcc/avr/4.3.3/avr5\libgcc.a
Address of section .text set to 0x7000

.hash
 *(.hash)

.dynsym
 *(.dynsym)

.dynstr
 *(.dynstr)

.gnu.version
 *(.gnu.version)

.gnu.version_d
 *(.gnu.version_d)

.gnu.version_r
 *(.gnu.version_r)

.rel.init
 *(.rel.init)

.rela.init
 *(.rela.init)

.rel.text
 *(.rel.text)
 *(.rel.text.*)
 *(.rel.gnu.linkonce.t*)

.rela.text
 *(.rela.text)
 *(.rela.text.*)
 *(.rela.gnu.linkonce.t*)

.rel.fini
 *(.rel.fini)

.rela.fini
 *(.rela.fini)

.rel.rodata
 *(.rel.rodata)
 *(.rel.rodata.*)
 *(.rel.gnu.linkonce.r*)

.rela.rodata
 *(.rela.rodata)
 *(.rela.rodata.*)
 *(.rela.gnu.linkonce.r*)

.rel.data
 *(.rel.data)
 *(.rel.data.*)
 *(.rel.gnu.linkonce.d*)

.rela.data
 *(.rela.data)
 *(.rela.data.*)
 *(.rela.gnu.linkonce.d*)

.rel.ctors
 *(.rel.ctors)

.rela.ctors
 *(.rela.ctors)

.rel.dtors
 *(.rel.dtors)

.rela.dtors
 *(.rela.dtors)

.rel.got
 *(.rel.got)

.rela.got
 *(.rela.got)

.rel.bss
 *(.rel.bss)

.rela.bss
 *(.rela.bss)

.rel.plt
 *(.rel.plt)

.rela.plt
 *(.rela.plt)

.text           0x00007000      0x586
 *(.vectors)
 .vectors       0x00007000       0x54 e:/engineering/embedded/avr-projects/0- toolchain/winavr/bin/../lib/gcc/avr/4.3.3/../../../../avr/lib/avr5/crtm32.o
                0x00007000                __vectors
                0x00007000                __vector_default
 *(.vectors)
 *(.progmem.gcc*)
 *(.progmem*)
                0x00007054                . = ALIGN (0x2)
                0x00007054                __trampolines_start = .
 *(.trampolines)
 .trampolines   0x00007054        0x0 linker stubs
 *(.trampolines*)
                0x00007054                __trampolines_end = .
 *(.jumptables)
 *(.jumptables*)
 *(.lowtext)
 *(.lowtext*)
                0x00007054                __ctors_start = .
 *(.ctors)
                0x00007054                __ctors_end = .
                0x00007054                __dtors_start = .
 *(.dtors)
                0x00007054                __dtors_end = .
 SORT(*)(.ctors)
 SORT(*)(.dtors)
 *(.init0)
 .init0         0x00007054        0x0 e:/engineering/embedded/avr-projects/0- toolchain/winavr/bin/../lib/gcc/avr/4.3.3/../../../../avr/lib/avr5/crtm32.o
                0x00007054                __init
 *(.init0)
 *(.init1)
 *(.init1)
 *(.init2)
 .init2         0x00007054        0xc e:/engineering/embedded/avr-projects/0- toolchain/winavr/bin/../lib/gcc/avr/4.3.3/../../../../avr/lib/avr5/crtm32.o
 *(.init2)
 *(.init3)
 *(.init3)
 *(.init4)
 .init4         0x00007060       0x16 e:/engineering/embedded/avr-projects/0- toolchain/winavr/bin/../lib/gcc/avr/4.3.3/avr5\libgcc.a(_copy_data.o)
                0x00007060                __do_copy_data
 .init4         0x00007076       0x10 e:/engineering/embedded/avr-projects/0- toolchain/winavr/bin/../lib/gcc/avr/4.3.3/avr5\libgcc.a(_clear_bss.o)
                0x00007076                __do_clear_bss
 *(.init4)
 *(.init5)
 *(.init5)
 *(.init6)
 *(.init6)
 *(.init7)
 *(.init7)
 *(.init8)
 *(.init8)
 *(.init9)
 .init9         0x00007086        0x8 e:/engineering/embedded/avr-projects/0- toolchain/winavr/bin/../lib/gcc/avr/4.3.3/../../../../avr/lib/avr5/crtm32.o
 *(.init9)
 *(.text)
 .text          0x0000708e        0x4 e:/engineering/embedded/avr-projects/0- toolchain/winavr/bin/../lib/gcc/avr/4.3.3/../../../../avr/lib/avr5/crtm32.o
                0x0000708e                __vector_1
                0x0000708e                __vector_12
                0x0000708e                __bad_interrupt
                0x0000708e                __vector_6
                0x0000708e                __vector_3
                0x0000708e                __vector_11
                0x0000708e                __vector_17
                0x0000708e                __vector_19
                0x0000708e                __vector_7
                0x0000708e                __vector_5
                0x0000708e                __vector_4
                0x0000708e                __vector_9
                0x0000708e                __vector_2
                0x0000708e                __vector_8
                0x0000708e                __vector_14
                0x0000708e                __vector_10
                0x0000708e                __vector_16
                0x0000708e                __vector_18
                0x0000708e                __vector_20
 .text          0x00007092        0x0 ./Src/Boot.o
 .text          0x00007092        0x0 ./Src/main.o
 .text          0x00007092        0x0 ./Drivers/MCAL/WDT/WDT_program.o
 .text          0x00007092        0x0 ./Drivers/MCAL/UART/UART_program.o
 .text          0x00007092        0x0 ./Drivers/MCAL/GI/GI_program.o
 .text          0x00007092        0x0 ./Drivers/MCAL/EEP/EEP_program.o
 .text          0x00007092        0x0 e:/engineering/embedded/avr-projects/0- toolchain/winavr/bin/../lib/gcc/avr/4.3.3/avr5\libgcc.a(_exit.o)
 .text          0x00007092        0x0 e:/engineering/embedded/avr-projects/0- toolchain/winavr/bin/../lib/gcc/avr/4.3.3/avr5\libgcc.a(_copy_data.o)
 .text          0x00007092        0x0 e:/engineering/embedded/avr-projects/0- toolchain/winavr/bin/../lib/gcc/avr/4.3.3/avr5\libgcc.a(_clear_bss.o)
                0x00007092                . = ALIGN (0x2)
 *(.text.*)
 .text.Boot_vProgramPage
                0x00007092       0x96 ./Src/Boot.o
                0x00007092                Boot_vProgramPage
 .text.Boot_vRxCallback
                0x00007128       0x5e ./Src/Boot.o
                0x00007128                Boot_vRxCallback
 .text.Boot_vMainTask
                0x00007186      0x12e ./Src/Boot.o
                0x00007186                Boot_vMainTask
 .text.Boot_init
                0x000072b4      0x13c ./Src/Boot.o
                0x000072b4                Boot_init
 .text.main     0x000073f0       0x22 ./Src/main.o
                0x000073f0                main
 .text.WDT_void_start
                0x00007412        0xa ./Drivers/MCAL/WDT/WDT_program.o
                0x00007412                WDT_void_start
 .text.WDT_void_stop
                0x0000741c        0x8 ./Drivers/MCAL/WDT/WDT_program.o
                0x0000741c                WDT_void_stop
 .text.UART_vInit
                0x00007424       0x10 ./Drivers/MCAL/UART/UART_program.o
                0x00007424                UART_vInit
 .text.UART_u8IfTxAvaulable
                0x00007434        0xa ./Drivers/MCAL/UART/UART_program.o
                0x00007434                UART_u8IfTxAvaulable
 .text.UART_u8IfRxAvaulable
                0x0000743e        0xa ./Drivers/MCAL/UART/UART_program.o
                0x0000743e                UART_u8IfRxAvaulable
 .text.UART_vSendByte
                0x00007448        0x8 ./Drivers/MCAL/UART/UART_program.o
                0x00007448                UART_vSendByte
 .text.UART_vReceiveByte
                0x00007450        0xc ./Drivers/MCAL/UART/UART_program.o
                0x00007450                UART_vReceiveByte
 .text.UART_vSetRxCallback
                0x0000745c        0xa ./Drivers/MCAL/UART/UART_program.o
                0x0000745c                UART_vSetRxCallback
 .text.__vector_13
                0x00007466       0x54 ./Drivers/MCAL/UART/UART_program.o
                0x00007466                __vector_13
 .text.UART_vSetTxCallback
                0x000074ba        0xa ./Drivers/MCAL/UART/UART_program.o
                0x000074ba                UART_vSetTxCallback
 .text.__vector_15
                0x000074c4       0x52 ./Drivers/MCAL/UART/UART_program.o
                0x000074c4                __vector_15
 .text.GI_Enable
                0x00007516        0x8 ./Drivers/MCAL/GI/GI_program.o
                0x00007516                GI_Enable
 .text.GI_Disable
                0x0000751e        0x8 ./Drivers/MCAL/GI/GI_program.o
                0x0000751e                GI_Disable
 .text.GI_vRelocateIVT
                0x00007526       0x16 ./Drivers/MCAL/GI/GI_program.o
                0x00007526                GI_vRelocateIVT
 .text.EEP_vWriteByte
                0x0000753c       0x26 ./Drivers/MCAL/EEP/EEP_program.o
                0x0000753c                EEP_vWriteByte
 .text.EEP_vReadByte
                0x00007562       0x20 ./Drivers/MCAL/EEP/EEP_program.o
                0x00007562                EEP_vReadByte
 .text.libgcc   0x00007582        0x0 e:/engineering/embedded/avr-projects/0- toolchain/winavr/bin/../lib/gcc/avr/4.3.3/avr5\libgcc.a(_exit.o)
 .text.libgcc   0x00007582        0x0 e:/engineering/embedded/avr-projects/0- toolchain/winavr/bin/../lib/gcc/avr/4.3.3/avr5\libgcc.a(_copy_data.o)
 .text.libgcc   0x00007582        0x0 e:/engineering/embedded/avr-projects/0- toolchain/winavr/bin/../lib/gcc/avr/4.3.3/avr5\libgcc.a(_clear_bss.o)
                0x00007582                . = ALIGN (0x2)
 *(.fini9)
 .fini9         0x00007582        0x0 e:/engineering/embedded/avr-projects/0- toolchain/winavr/bin/../lib/gcc/avr/4.3.3/avr5\libgcc.a(_exit.o)
                0x00007582                exit
                0x00007582                _exit
 *(.fini9)
 *(.fini8)
 *(.fini8)
 *(.fini7)
 *(.fini7)
 *(.fini6)
 *(.fini6)
 *(.fini5)
 *(.fini5)
 *(.fini4)
 *(.fini4)
 *(.fini3)
 *(.fini3)
 *(.fini2)
 *(.fini2)
 *(.fini1)
 *(.fini1)
 *(.fini0)
 .fini0         0x00007582        0x4 e:/engineering/embedded/avr-projects/0- toolchain/winavr/bin/../lib/gcc/avr/4.3.3/avr5\libgcc.a(_exit.o)
 *(.fini0)
                0x00007586                _etext = .

.data           0x00800060       0x20 load address 0x00007586
                0x00800060                PROVIDE (__data_start, .)
 *(.data)
 .data          0x00800060        0x0 e:/engineering/embedded/avr-projects/0- toolchain/winavr/bin/../lib/gcc/avr/4.3.3/../../../../avr/lib/avr5/crtm32.o
 .data          0x00800060        0x0 ./Src/Boot.o
 .data          0x00800060        0x0 ./Src/main.o
 .data          0x00800060        0x0 ./Drivers/MCAL/WDT/WDT_program.o
 .data          0x00800060        0x0 ./Drivers/MCAL/UART/UART_program.o
 .data          0x00800060        0x0 ./Drivers/MCAL/GI/GI_program.o
 .data          0x00800060        0x0 ./Drivers/MCAL/EEP/EEP_program.o
 .data          0x00800060        0x0 e:/engineering/embedded/avr-projects/0- toolchain/winavr/bin/../lib/gcc/avr/4.3.3/avr5\libgcc.a(_exit.o)
 .data          0x00800060        0x0 e:/engineering/embedded/avr-projects/0- toolchain/winavr/bin/../lib/gcc/avr/4.3.3/avr5\libgcc.a(_copy_data.o)
 .data          0x00800060        0x0 e:/engineering/embedded/avr-projects/0- toolchain/winavr/bin/../lib/gcc/avr/4.3.3/avr5\libgcc.a(_clear_bss.o)
 *(.data*)
 *(.rodata)
 *(.rodata*)
 .rodata.BootStarting
                0x00800060       0x10 ./Src/Boot.o
 .rodata.APPStarting
                0x00800070       0x10 ./Src/Boot.o
 *(.gnu.linkonce.d*)
                0x00800080                . = ALIGN (0x2)
                0x00800080                _edata = .
                0x00800080                PROVIDE (__data_end, .)

.bss            0x00800080       0x93
                0x00800080                PROVIDE (__bss_start, .)
 *(.bss)
 .bss           0x00800080        0x0 e:/engineering/embedded/avr-projects/0- toolchain/winavr/bin/../lib/gcc/avr/4.3.3/../../../../avr/lib/avr5/crtm32.o
 .bss           0x00800080        0x0 ./Src/Boot.o
 .bss           0x00800080        0x0 ./Src/main.o
 .bss           0x00800080        0x0 ./Drivers/MCAL/WDT/WDT_program.o
 .bss           0x00800080        0x0 ./Drivers/MCAL/UART/UART_program.o
 .bss           0x00800080        0x0 ./Drivers/MCAL/GI/GI_program.o
 .bss           0x00800080        0x0 ./Drivers/MCAL/EEP/EEP_program.o
 .bss           0x00800080        0x0 e:/engineering/embedded/avr-projects/0- toolchain/winavr/bin/../lib/gcc/avr/4.3.3/avr5\libgcc.a(_exit.o)
 .bss           0x00800080        0x0 e:/engineering/embedded/avr-projects/0- toolchain/winavr/bin/../lib/gcc/avr/4.3.3/avr5\libgcc.a(_copy_data.o)
 .bss           0x00800080        0x0 e:/engineering/embedded/avr-projects/0- toolchain/winavr/bin/../lib/gcc/avr/4.3.3/avr5\libgcc.a(_clear_bss.o)
 *(.bss*)
 .bss.RxFrame_Ready
                0x00800080        0x1 ./Src/Boot.o
 .bss.CurrentMode
                0x00800081        0x1 ./Src/Boot.o
 .bss.RxFrameBuffer
                0x00800082       0x82 ./Src/Boot.o
 .bss.RxPageNo  0x00800104        0x1 ./Src/Boot.o
 .bss.RxFrameIndex
                0x00800105        0x1 ./Src/Boot.o
 .bss.PageIndex.1485
                0x00800106        0x1 ./Src/Boot.o
 .bss.RxFrameLength.1475
                0x00800107        0x1 ./Src/Boot.o
 .bss.AppVersion
                0x00800108        0x5 ./Src/Boot.o
 .bss.Boot_finished
                0x0080010d        0x1 ./Src/main.o
                0x0080010d                Boot_finished
 .bss.UART_Tx_callback
                0x0080010e        0x2 ./Drivers/MCAL/UART/UART_program.o
 .bss.UART_Rx_callback
                0x00800110        0x2 ./Drivers/MCAL/UART/UART_program.o
 *(COMMON)
 COMMON         0x00800112        0x1 ./Src/Boot.o
                0x00800112                Boot_varsion_loc
                0x00800113                PROVIDE (__bss_end, .)
                0x00007586                __data_load_start = LOADADDR (.data)
                0x000075a6                __data_load_end = (__data_load_start + SIZEOF (.data))

.noinit         0x00800113        0x0
                0x00800113                PROVIDE (__noinit_start, .)
 *(.noinit*)
                0x00800113                PROVIDE (__noinit_end, .)
                0x00800113                _end = .
                0x00800113                PROVIDE (__heap_start, .)

.eeprom         0x00810000        0x0
 *(.eeprom*)
                0x00810000                __eeprom_end = .

.fuse
 *(.fuse)
 *(.lfuse)
 *(.hfuse)
 *(.efuse)

.lock
 *(.lock*)

.signature
 *(.signature*)

.stab
 *(.stab)

.stabstr
 *(.stabstr)

.stab.excl
 *(.stab.excl)

.stab.exclstr
 *(.stab.exclstr)

.stab.index
 *(.stab.index)

.stab.indexstr
 *(.stab.indexstr)

.comment
 *(.comment)

.debug
 *(.debug)

.line
 *(.line)

.debug_srcinfo
 *(.debug_srcinfo)

.debug_sfnames
 *(.debug_sfnames)

.debug_aranges
 *(.debug_aranges)

.debug_pubnames
 *(.debug_pubnames)

.debug_info
 *(.debug_info)
 *(.gnu.linkonce.wi.*)

.debug_abbrev
 *(.debug_abbrev)

.debug_line
 *(.debug_line)

.debug_frame
 *(.debug_frame)

.debug_str
 *(.debug_str)

.debug_loc
 *(.debug_loc)

.debug_macinfo
 *(.debug_macinfo)
OUTPUT(Bootloader_R1.elf elf32-avr)
LOAD linker stubs
